../Core/Src/main.c:208:6:ResetI2C	16	static
../Core/Src/main.c:217:6:InitializeData	16	static
../Core/Src/main.c:229:6:BlinkStatus	24	static
../Core/Src/main.c:242:6:ParseRPiMessage	16	static
../Core/Src/main.c:253:6:ProcessRPiMessage	24	static
../Core/Src/main.c:283:6:HAL_ADC_ConvCpltCallback	16	static
../Core/Src/main.c:295:6:HAL_I2C_SlaveRxCpltCallback	16	static
../Core/Src/main.c:303:6:HAL_I2C_SlaveTxCpltCallback	16	static
../Core/Src/main.c:312:6:HAL_I2C_ErrorCallback	16	static
../Core/Src/main.c:329:5:main	8	static
../Core/Src/main.c:423:6:SystemClock_Config	96	static
../Core/Src/main.c:472:13:MX_ADC1_Init	48	static
../Core/Src/main.c:578:13:MX_ADC2_Init	32	static
../Core/Src/main.c:667:13:MX_I2C1_Init	8	static
../Core/Src/main.c:715:13:MX_USART1_UART_Init	8	static
../Core/Src/main.c:748:13:MX_DMA_Init	16	static
../Core/Src/main.c:769:13:MX_GPIO_Init	48	static
../Core/Src/main.c:806:6:StartDefaultTask	16	static
../Core/Src/main.c:828:6:StartRpiTask	16	static
../Core/Src/main.c:848:6:StartDataTask	16	static
../Core/Src/main.c:901:6:HAL_TIM_PeriodElapsedCallback	16	static
../Core/Src/main.c:918:6:Error_Handler	4	static,ignoring_inline_asm
