../Core/Src/main.c:253:6:ResetI2C	16	static
../Core/Src/main.c:259:6:InitializeData	16	static
../Core/Src/main.c:268:6:BlinkStatus	24	static
../Core/Src/main.c:278:6:ParseRPiMessage	16	static
../Core/Src/main.c:286:6:ParseJ1939Message	24	static
../Core/Src/main.c:301:6:ProcessRPiMessage	24	static
../Core/Src/main.c:324:6:ProcessJ1939Message	32	static
../Core/Src/main.c:356:6:StartMerlinData	16	static
../Core/Src/main.c:379:6:SendMerlinData	48	static
../Core/Src/main.c:457:6:SendMerlinConfig	16	static
../Core/Src/main.c:480:6:ClaimJ1939Address	16	static
../Core/Src/main.c:530:6:HAL_ADC_ConvCpltCallback	16	static
../Core/Src/main.c:542:6:HAL_I2C_SlaveRxCpltCallback	16	static
../Core/Src/main.c:550:6:HAL_I2C_SlaveTxCpltCallback	16	static
../Core/Src/main.c:559:6:HAL_I2C_ErrorCallback	16	static
../Core/Src/main.c:568:6:HAL_CAN_RxFifo0MsgPendingCallback	72	static
../Core/Src/main.c:594:5:main	8	static
../Core/Src/main.c:688:6:SystemClock_Config	96	static
../Core/Src/main.c:737:13:MX_ADC1_Init	48	static
../Core/Src/main.c:843:13:MX_ADC2_Init	32	static
../Core/Src/main.c:932:13:MX_CAN_Init	128	static
../Core/Src/main.c:1019:13:MX_I2C1_Init	8	static
../Core/Src/main.c:1067:13:MX_USART1_UART_Init	8	static
../Core/Src/main.c:1100:13:MX_DMA_Init	16	static
../Core/Src/main.c:1121:13:MX_GPIO_Init	48	static
../Core/Src/main.c:1158:6:StartLoggingTask	16	static
../Core/Src/main.c:1179:6:StartPollingTask	16	static
../Core/Src/main.c:1234:6:StartRealTimeTask	32	static
../Core/Src/main.c:1269:6:HAL_TIM_PeriodElapsedCallback	16	static
../Core/Src/main.c:1286:6:Error_Handler	4	static,ignoring_inline_asm
