../Core/Src/stm32f3xx_it.c:76:6:NMI_Handler	4	static
../Core/Src/stm32f3xx_it.c:91:6:HardFault_Handler	4	static
../Core/Src/stm32f3xx_it.c:106:6:MemManage_Handler	4	static
../Core/Src/stm32f3xx_it.c:121:6:BusFault_Handler	4	static
../Core/Src/stm32f3xx_it.c:136:6:UsageFault_Handler	4	static
../Core/Src/stm32f3xx_it.c:151:6:DebugMon_Handler	4	static
../Core/Src/stm32f3xx_it.c:171:6:DMA1_Channel1_IRQHandler	8	static
../Core/Src/stm32f3xx_it.c:185:6:DMA1_Channel2_IRQHandler	8	static
../Core/Src/stm32f3xx_it.c:199:6:ADC1_2_IRQHandler	8	static
../Core/Src/stm32f3xx_it.c:214:6:CAN_TX_IRQHandler	8	static
../Core/Src/stm32f3xx_it.c:228:6:CAN_RX0_IRQHandler	8	static
../Core/Src/stm32f3xx_it.c:242:6:CAN_RX1_IRQHandler	8	static
../Core/Src/stm32f3xx_it.c:256:6:CAN_SCE_IRQHandler	8	static
../Core/Src/stm32f3xx_it.c:270:6:I2C1_EV_IRQHandler	8	static
../Core/Src/stm32f3xx_it.c:284:6:I2C1_ER_IRQHandler	8	static
../Core/Src/stm32f3xx_it.c:298:6:TIM6_DAC1_IRQHandler	8	static
